[
  {
    "name": "TestExample",
    "detail": "test function",
    "kind": 11,
    "range": {
      "start": {
        "line": 4,
        "character": 0
      },
      "end": {
        "line": 26,
        "character": 1
      }
    },
    "children": [
      {
        "name": "normal case",
        "detail": "test case",
        "kind": 12,
        "range": {
          "start": {
            "line": 10,
            "character": 2
          },
          "end": {
            "line": 14,
            "character": 3
          }
        },
        "children": null
      },
      {
        "name": "zero value",
        "detail": "test case",
        "kind": 12,
        "range": {
          "start": {
            "line": 15,
            "character": 2
          },
          "end": {
            "line": 19,
            "character": 3
          }
        },
        "children": null
      }
    ]
  }
]
