[
  {
    "name": "TestCaseInsensitive",
    "detail": "test function",
    "kind": 11,
    "range": {
      "start": {
        "line": 4,
        "character": 0
      },
      "end": {
        "line": 14,
        "character": 1
      }
    },
    "children": [
      {
        "name": "uppercase NAME",
        "detail": "test case",
        "kind": 12,
        "range": {
          "start": {
            "line": 10,
            "character": 2
          },
          "end": {
            "line": 10,
            "character": 26
          }
        },
        "children": null
      },
      {
        "name": "mixed case Name",
        "detail": "test case",
        "kind": 12,
        "range": {
          "start": {
            "line": 11,
            "character": 2
          },
          "end": {
            "line": 11,
            "character": 27
          }
        },
        "children": null
      },
      {
        "name": "lowercase name",
        "detail": "test case",
        "kind": 12,
        "range": {
          "start": {
            "line": 12,
            "character": 2
          },
          "end": {
            "line": 12,
            "character": 26
          }
        },
        "children": null
      }
    ]
  }
]
