[
  {
    "name": "TestMultipleTables",
    "detail": "test function",
    "kind": 11,
    "range": {
      "start": {
        "line": 4,
        "character": 0
      },
      "end": {
        "line": 20,
        "character": 1
      }
    },
    "children": [
      {
        "name": "table1-test1",
        "detail": "test case",
        "kind": 22,
        "range": {
          "start": {
            "line": 9,
            "character": 2
          },
          "end": {
            "line": 9,
            "character": 24
          }
        },
        "children": null
      },
      {
        "name": "table1-test2",
        "detail": "test case",
        "kind": 22,
        "range": {
          "start": {
            "line": 10,
            "character": 2
          },
          "end": {
            "line": 10,
            "character": 24
          }
        },
        "children": null
      },
      {
        "name": "table2-test1",
        "detail": "test case",
        "kind": 22,
        "range": {
          "start": {
            "line": 17,
            "character": 2
          },
          "end": {
            "line": 17,
            "character": 24
          }
        },
        "children": null
      },
      {
        "name": "table2-test2",
        "detail": "test case",
        "kind": 22,
        "range": {
          "start": {
            "line": 18,
            "character": 2
          },
          "end": {
            "line": 18,
            "character": 24
          }
        },
        "children": null
      }
    ]
  }
]
