[
  {
    "name": "TestFirst",
    "detail": "test function",
    "kind": 11,
    "range": {
      "start": {
        "line": 4,
        "character": 0
      },
      "end": {
        "line": 14,
        "character": 1
      }
    },
    "children": [
      {
        "name": "test1",
        "detail": "test case",
        "kind": 12,
        "range": {
          "start": {
            "line": 8,
            "character": 2
          },
          "end": {
            "line": 8,
            "character": 17
          }
        },
        "children": null
      },
      {
        "name": "test2",
        "detail": "test case",
        "kind": 12,
        "range": {
          "start": {
            "line": 9,
            "character": 2
          },
          "end": {
            "line": 9,
            "character": 17
          }
        },
        "children": null
      }
    ]
  },
  {
    "name": "TestSecond",
    "detail": "test function",
    "kind": 11,
    "range": {
      "start": {
        "line": 16,
        "character": 0
      },
      "end": {
        "line": 26,
        "character": 1
      }
    },
    "children": [
      {
        "name": "test3",
        "detail": "test case",
        "kind": 12,
        "range": {
          "start": {
            "line": 20,
            "character": 2
          },
          "end": {
            "line": 20,
            "character": 17
          }
        },
        "children": null
      },
      {
        "name": "test4",
        "detail": "test case",
        "kind": 12,
        "range": {
          "start": {
            "line": 21,
            "character": 2
          },
          "end": {
            "line": 21,
            "character": 17
          }
        },
        "children": null
      }
    ]
  }
]
