[
  {
    "name": "TestVariousFields",
    "detail": "test function",
    "kind": 11,
    "range": {
      "start": {
        "line": 4,
        "character": 0
      },
      "end": {
        "line": 16,
        "character": 1
      }
    },
    "children": [
      {
        "name": "説明フィールド",
        "detail": "test case",
        "kind": 12,
        "range": {
          "start": {
            "line": 11,
            "character": 2
          },
          "end": {
            "line": 11,
            "character": 40
          }
        },
        "children": null
      },
      {
        "name": "タイトルフィールド",
        "detail": "test case",
        "kind": 12,
        "range": {
          "start": {
            "line": 12,
            "character": 2
          },
          "end": {
            "line": 12,
            "character": 40
          }
        },
        "children": null
      },
      {
        "name": "シナリオフィールド",
        "detail": "test case",
        "kind": 12,
        "range": {
          "start": {
            "line": 13,
            "character": 2
          },
          "end": {
            "line": 13,
            "character": 43
          }
        },
        "children": null
      },
      {
        "name": "テスト名フィールド",
        "detail": "test case",
        "kind": 12,
        "range": {
          "start": {
            "line": 14,
            "character": 2
          },
          "end": {
            "line": 14,
            "character": 43
          }
        },
        "children": null
      }
    ]
  }
]
